{
  "version": "1.5.0",
  "plugins_used": [
    {
      "name": "ArtifactoryDetector"
    },
    {
      "name": "AWSKeyDetector"
    },
    {
      "name": "AzureStorageKeyDetector"
    },
    {
      "name": "Base64HighEntropyString",
      "limit": 4.5
    },
    {
      "name": "BasicAuthDetector"
    },
    {
      "name": "CloudantDetector"
    },
    {
      "name": "DiscordBotTokenDetector"
    },
    {
      "name": "GitHubTokenDetector"
    },
    {
      "name": "GitLabTokenDetector"
    },
    {
      "name": "HexHighEntropyString",
      "limit": 3.0
    },
    {
      "name": "IbmCloudIamDetector"
    },
    {
      "name": "IbmCosHmacDetector"
    },
    {
      "name": "IPPublicDetector"
    },
    {
      "name": "JwtTokenDetector"
    },
    {
      "name": "KeywordDetector",
      "keyword_exclude": ""
    },
    {
      "name": "MailchimpDetector"
    },
    {
      "name": "NpmDetector"
    },
    {
      "name": "OpenAIDetector"
    },
    {
      "name": "PrivateKeyDetector"
    },
    {
      "name": "PypiTokenDetector"
    },
    {
      "name": "SendGridDetector"
    },
    {
      "name": "SlackDetector"
    },
    {
      "name": "SoftlayerDetector"
    },
    {
      "name": "SquareOAuthDetector"
    },
    {
      "name": "StripeDetector"
    },
    {
      "name": "TelegramBotTokenDetector"
    },
    {
      "name": "TwilioKeyDetector"
    }
  ],
  "filters_used": [
    {
      "path": "detect_secrets.filters.allowlist.is_line_allowlisted"
    },
    {
      "path": "detect_secrets.filters.common.is_baseline_file",
      "filename": ".secrets.baseline"
    },
    {
      "path": "detect_secrets.filters.common.is_ignored_due_to_verification_policies",
      "min_level": 2
    },
    {
      "path": "detect_secrets.filters.heuristic.is_indirect_reference"
    },
    {
      "path": "detect_secrets.filters.heuristic.is_likely_id_string"
    },
    {
      "path": "detect_secrets.filters.heuristic.is_lock_file"
    },
    {
      "path": "detect_secrets.filters.heuristic.is_not_alphanumeric_string"
    },
    {
      "path": "detect_secrets.filters.heuristic.is_potential_uuid"
    },
    {
      "path": "detect_secrets.filters.heuristic.is_prefixed_with_dollar_sign"
    },
    {
      "path": "detect_secrets.filters.heuristic.is_sequential_string"
    },
    {
      "path": "detect_secrets.filters.heuristic.is_swagger_file"
    },
    {
      "path": "detect_secrets.filters.heuristic.is_templated_secret"
    },
    {
      "path": "detect_secrets.filters.regex.should_exclude_file",
      "pattern": [
        "(^|/)(package-lock\\.json|node_modules/|\\.venv/|\\.secrets\\.baseline$)"
      ]
    }
  ],
  "results": {
    ".env.example": [
      {
        "type": "Basic Auth Credentials",
        "filename": ".env.example",
        "hashed_secret": "5baa61e4c9b93f3f0682250b6cf8331b7ee68fd8",
        "is_verified": false,
        "line_number": 75,
        "is_secret": false
      }
    ],
    ".github/workflows/ci.yml": [
      {
        "type": "Secret Keyword",
        "filename": ".github/workflows/ci.yml",
        "hashed_secret": "31fc2df2b47f7e554e70733efa5148d2ec5bc048",
        "is_verified": false,
        "line_number": 26,
        "is_secret": false
      },
      {
        "type": "Basic Auth Credentials",
        "filename": ".github/workflows/ci.yml",
        "hashed_secret": "31fc2df2b47f7e554e70733efa5148d2ec5bc048",
        "is_verified": false,
        "line_number": 79,
        "is_secret": false
      },
      {
        "type": "Base64 High Entropy String",
        "filename": ".github/workflows/ci.yml",
        "hashed_secret": "382248081f33bd287da738cbc0f3d7733bf50b26",
        "is_verified": false,
        "line_number": 121,
        "is_secret": false
      },
      {
        "type": "Secret Keyword",
        "filename": ".github/workflows/ci.yml",
        "hashed_secret": "382248081f33bd287da738cbc0f3d7733bf50b26",
        "is_verified": false,
        "line_number": 121,
        "is_secret": false
      }
    ],
    "deploy/compose.e2e.yaml": [
      {
        "type": "Secret Keyword",
        "filename": "deploy/compose.e2e.yaml",
        "hashed_secret": "31fc2df2b47f7e554e70733efa5148d2ec5bc048",
        "is_verified": false,
        "line_number": 13,
        "is_secret": false
      },
      {
        "type": "Basic Auth Credentials",
        "filename": "deploy/compose.e2e.yaml",
        "hashed_secret": "31fc2df2b47f7e554e70733efa5148d2ec5bc048",
        "is_verified": false,
        "line_number": 26,
        "is_secret": false
      },
      {
        "type": "Secret Keyword",
        "filename": "deploy/compose.e2e.yaml",
        "hashed_secret": "77852877fa359b41087564e4ff48a27bd6fb2b57",
        "is_verified": false,
        "line_number": 46,
        "is_secret": false
      }
    ],
    "evals/runner.py": [
      {
        "type": "Secret Keyword",
        "filename": "evals/runner.py",
        "hashed_secret": "6e922f64ebce961102bd51d51e34bdf43395c8da",
        "is_verified": false,
        "line_number": 48,
        "is_secret": false
      }
    ],
    "src/walter/runtime.py": [
      {
        "type": "Secret Keyword",
        "filename": "src/walter/runtime.py",
        "hashed_secret": "bb5dcc8e47d680289280d0c17e12e4f38efacf96",
        "is_verified": false,
        "line_number": 83,
        "is_secret": false
      }
    ],
    "tests/test_e2e.py": [
      {
        "type": "Secret Keyword",
        "filename": "tests/test_e2e.py",
        "hashed_secret": "82399512569a542f18a31763f00cce35eeafbad1",
        "is_verified": false,
        "line_number": 50,
        "is_secret": false
      }
    ],
    "tests/test_importer.py": [
      {
        "type": "Basic Auth Credentials",
        "filename": "tests/test_importer.py",
        "hashed_secret": "9d4e1e23bd5b727046a9e3b4b7db57bd8d6ee684",
        "is_verified": false,
        "line_number": 60,
        "is_secret": false
      }
    ],
    "tests/test_runtime.py": [
      {
        "type": "Secret Keyword",
        "filename": "tests/test_runtime.py",
        "hashed_secret": "bb5dcc8e47d680289280d0c17e12e4f38efacf96",
        "is_verified": false,
        "line_number": 17,
        "is_secret": false
      },
      {
        "type": "Secret Keyword",
        "filename": "tests/test_runtime.py",
        "hashed_secret": "a94a8fe5ccb19ba61c4c0873d391e987982fbbd3",
        "is_verified": false,
        "line_number": 24,
        "is_secret": false
      }
    ],
    "web/playwright.config.ts": [
      {
        "type": "IBM Cloud IAM Key",
        "filename": "web/playwright.config.ts",
        "hashed_secret": "58166b71fda546e870d7631c6afda8d4aab4ba54",
        "is_verified": false,
        "line_number": 19,
        "is_secret": false
      },
      {
        "type": "Secret Keyword",
        "filename": "web/playwright.config.ts",
        "hashed_secret": "77852877fa359b41087564e4ff48a27bd6fb2b57",
        "is_verified": false,
        "line_number": 66,
        "is_secret": false
      }
    ],
    "web/tests/unit/account-data.test.tsx": [
      {
        "type": "Secret Keyword",
        "filename": "web/tests/unit/account-data.test.tsx",
        "hashed_secret": "6af3c121ed4a752936c297cddfb7b00394eabf10",
        "is_verified": false,
        "line_number": 31,
        "is_secret": false
      }
    ],
    "web/tests/unit/publish.test.tsx": [
      {
        "type": "Hex High Entropy String",
        "filename": "web/tests/unit/publish.test.tsx",
        "hashed_secret": "ccdd30d64e668771bc1efb2028e833b044b6be3b",
        "is_verified": false,
        "line_number": 18,
        "is_secret": false
      }
    ]
  },
  "generated_at": "2026-09-28T23:26:26Z"
}
